-- parakeet: bundled ggml libraries will be emitted with prefix 'speech-' (set PARAKEET_GGML_LIB_PREFIX=OFF to use the qvac-ext-ggml@speech default, or override -DGGML_LIB_OUTPUT_PREFIX=<other>)
-- Warning: ccache not found - consider installing it for faster compilation or disable this warning with GGML_CCACHE=OFF
-- CMAKE_SYSTEM_PROCESSOR: arm64
-- GGML_SYSTEM_ARCH: ARM
-- Including CPU backend
-- Accelerate framework found
-- Could NOT find OpenMP_C (missing: OpenMP_C_FLAGS OpenMP_C_LIB_NAMES) 
-- Could NOT find OpenMP_CXX (missing: OpenMP_CXX_FLAGS OpenMP_CXX_LIB_NAMES) 
-- Could NOT find OpenMP (missing: OpenMP_C_FOUND OpenMP_CXX_FOUND) 
CMake Warning at ggml/src/ggml-cpu/CMakeLists.txt:84 (message):
  OpenMP not found
Call Stack (most recent call first):
  ggml/src/CMakeLists.txt:456 (ggml_add_cpu_backend_variant_impl)


-- ARM detected
CMake Warning at ggml/src/ggml-cpu/CMakeLists.txt:146 (message):
  ARM -march/-mcpu not found, -mcpu=native will be used
Call Stack (most recent call first):
  ggml/src/CMakeLists.txt:456 (ggml_add_cpu_backend_variant_impl)


-- Checking for ARM features using flags:
--   -U__ARM_FEATURE_MATMUL_INT8
--   -U__ARM_FEATURE_SVE
--   -U__ARM_FEATURE_SME
--   -mcpu=native+dotprod+noi8mm+nosve+nosme
-- Adding CPU backend variant ggml-cpu: -U__ARM_FEATURE_MATMUL_INT8;-U__ARM_FEATURE_SVE;-U__ARM_FEATURE_SME;-mcpu=native+dotprod+noi8mm+nosve+nosme 
-- BLAS found, Libraries: /Applications/Xcode.app/Contents/Developer/Platforms/MacOSX.platform/Developer/SDKs/MacOSX.sdk/System/Library/Frameworks/Accelerate.framework
-- BLAS found, Includes: 
-- Including BLAS backend
-- Metal framework found
-- Including METAL backend
-- ggml: lib output prefix 'speech-'
-- ggml version: 0.10.2
-- ggml commit:  77107cbf
-- Could NOT find OpenMP_C (missing: OpenMP_C_FLAGS OpenMP_C_LIB_NAMES) 
-- Could NOT find OpenMP_CXX (missing: OpenMP_CXX_FLAGS OpenMP_CXX_LIB_NAMES) 
-- Could NOT find OpenMP (missing: OpenMP_C_FOUND OpenMP_CXX_FOUND) 
-- parakeet: test test-mel disabled (missing fixture(s):
        /Volumes/FreddyHD/Work/Tether/models/parakeet/parakeet-ctc-0.6b.f16.gguf
        /Volumes/FreddyHD/Work/Tether/repos/qvac-ext-lib-whisper.cpp/engines/parakeet/artifacts/ctc-ref/mel.npy)
-- parakeet: test test-encoder disabled (missing fixture(s):
        /Volumes/FreddyHD/Work/Tether/models/parakeet/parakeet-ctc-0.6b.f16.gguf
        /Volumes/FreddyHD/Work/Tether/repos/qvac-ext-lib-whisper.cpp/engines/parakeet/artifacts/ctc-ref/mel.npy
        /Volumes/FreddyHD/Work/Tether/repos/qvac-ext-lib-whisper.cpp/engines/parakeet/artifacts/ctc-ref/encoder_out.npy)
-- parakeet: test test-ctc disabled (missing fixture(s):
        /Volumes/FreddyHD/Work/Tether/models/parakeet/parakeet-ctc-0.6b.q8_0.gguf
        /Volumes/FreddyHD/Work/Tether/repos/qvac-ext-lib-whisper.cpp/engines/parakeet/artifacts/ctc-ref/logits.npy
        /Volumes/FreddyHD/Work/Tether/repos/qvac-ext-lib-whisper.cpp/engines/parakeet/artifacts/ctc-ref/decoded.txt)
-- parakeet: test test-parakeet-streaming disabled (missing fixture(s):
        /Volumes/FreddyHD/Work/Tether/models/parakeet/parakeet-ctc-0.6b.q8_0.gguf)
-- parakeet: test test-eou-streaming disabled (missing fixture(s):
        /Volumes/FreddyHD/Work/Tether/models/parakeet/parakeet_realtime_eou_120m-v1.q8_0.gguf)
-- parakeet: test test-sortformer-streaming disabled (missing fixture(s):
        /Volumes/FreddyHD/Work/Tether/models/parakeet/diar_streaming_sortformer_4spk-v2.1.q8_0.gguf)
-- parakeet: test test-sortformer-aosc-speakers-abcba disabled (missing fixture(s):
        /Volumes/FreddyHD/Work/Tether/models/parakeet/diar_streaming_sortformer_4spk-v2.1.q8_0.gguf)
-- parakeet: test test-sortformer-aosc-speakers-abcdba disabled (missing fixture(s):
        /Volumes/FreddyHD/Work/Tether/models/parakeet/diar_streaming_sortformer_4spk-v2.1.q8_0.gguf)
-- parakeet: test test-perf-regression disabled (missing fixture(s):
        /Volumes/FreddyHD/Work/Tether/models/parakeet/parakeet-ctc-0.6b.q8_0.gguf)
-- parakeet: test test-perf-regression-sortformer disabled (missing fixture(s):
        /Volumes/FreddyHD/Work/Tether/models/parakeet/diar_sortformer_4spk-v1.q8_0.gguf)
-- parakeet: test test-nemotron-loader disabled (missing fixture(s):
        /Volumes/FreddyHD/Work/Tether/models/parakeet/nemotron-3.5-asr-streaming-0.6b.f16.gguf)
-- parakeet: test test-nemotron disabled (missing fixture(s):
        /Volumes/FreddyHD/Work/Tether/models/parakeet/nemotron-3.5-asr-streaming-0.6b.f16.gguf
        /Volumes/FreddyHD/Work/Tether/repos/qvac-ext-lib-whisper.cpp/engines/parakeet/artifacts/nemotron-ref-en-us-320/offline/mel.npy
        /Volumes/FreddyHD/Work/Tether/repos/qvac-ext-lib-whisper.cpp/engines/parakeet/artifacts/nemotron-ref-en-us-320/offline/encoder_raw.npy
        /Volumes/FreddyHD/Work/Tether/repos/qvac-ext-lib-whisper.cpp/engines/parakeet/artifacts/nemotron-ref-en-us-320/offline/prompt_output.npy
        /Volumes/FreddyHD/Work/Tether/repos/qvac-ext-lib-whisper.cpp/engines/parakeet/artifacts/nemotron-ref-en-us-320/offline/token_ids.npy
        /Volumes/FreddyHD/Work/Tether/repos/qvac-ext-lib-whisper.cpp/engines/parakeet/artifacts/nemotron-ref-en-us-320/offline/transcript.txt
        /Volumes/FreddyHD/Work/Tether/repos/qvac-ext-lib-whisper.cpp/engines/parakeet/artifacts/nemotron-ref-auto-320/offline/token_ids.npy
        /Volumes/FreddyHD/Work/Tether/repos/qvac-ext-lib-whisper.cpp/engines/parakeet/artifacts/nemotron-ref-auto-320/offline/transcript.txt
        /Volumes/FreddyHD/Work/Tether/repos/qvac-ext-lib-whisper.cpp/engines/parakeet/artifacts/nemotron-ref-hi-in-320/offline/token_ids.npy
        /Volumes/FreddyHD/Work/Tether/repos/qvac-ext-lib-whisper.cpp/engines/parakeet/artifacts/nemotron-ref-hi-in-320/offline/transcript.txt)
-- parakeet: test test-nemotron-stream-step-80 disabled (missing fixture(s):
        /Volumes/FreddyHD/Work/Tether/models/parakeet/nemotron-3.5-asr-streaming-0.6b.f16.gguf
        /Volumes/FreddyHD/Work/Tether/repos/qvac-ext-lib-whisper.cpp/engines/parakeet/artifacts/nemotron-ref-en-us-80/step-000/processed_signal.npy
        /Volumes/FreddyHD/Work/Tether/repos/qvac-ext-lib-whisper.cpp/engines/parakeet/artifacts/nemotron-ref-en-us-80/step-000/encoder_raw.npy
        /Volumes/FreddyHD/Work/Tether/repos/qvac-ext-lib-whisper.cpp/engines/parakeet/artifacts/nemotron-ref-en-us-80/step-000/cache_channel_after.npy
        /Volumes/FreddyHD/Work/Tether/repos/qvac-ext-lib-whisper.cpp/engines/parakeet/artifacts/nemotron-ref-en-us-80/step-000/cache_time_after.npy
        /Volumes/FreddyHD/Work/Tether/repos/qvac-ext-lib-whisper.cpp/engines/parakeet/artifacts/nemotron-ref-en-us-80/step-001/processed_signal.npy
        /Volumes/FreddyHD/Work/Tether/repos/qvac-ext-lib-whisper.cpp/engines/parakeet/artifacts/nemotron-ref-en-us-80/step-001/encoder_raw.npy
        /Volumes/FreddyHD/Work/Tether/repos/qvac-ext-lib-whisper.cpp/engines/parakeet/artifacts/nemotron-ref-en-us-80/step-001/cache_channel_after.npy
        /Volumes/FreddyHD/Work/Tether/repos/qvac-ext-lib-whisper.cpp/engines/parakeet/artifacts/nemotron-ref-en-us-80/step-001/cache_time_after.npy
        /Volumes/FreddyHD/Work/Tether/repos/qvac-ext-lib-whisper.cpp/engines/parakeet/artifacts/nemotron-ref-en-us-80/offline/mel.npy
        /Volumes/FreddyHD/Work/Tether/repos/qvac-ext-lib-whisper.cpp/engines/parakeet/artifacts/nemotron-ref-en-us-80/transcript.txt)
-- parakeet: test test-nemotron-stream-step-160 disabled (missing fixture(s):
        /Volumes/FreddyHD/Work/Tether/models/parakeet/nemotron-3.5-asr-streaming-0.6b.f16.gguf
        /Volumes/FreddyHD/Work/Tether/repos/qvac-ext-lib-whisper.cpp/engines/parakeet/artifacts/nemotron-ref-en-us-160/step-000/processed_signal.npy
        /Volumes/FreddyHD/Work/Tether/repos/qvac-ext-lib-whisper.cpp/engines/parakeet/artifacts/nemotron-ref-en-us-160/step-000/encoder_raw.npy
        /Volumes/FreddyHD/Work/Tether/repos/qvac-ext-lib-whisper.cpp/engines/parakeet/artifacts/nemotron-ref-en-us-160/step-000/cache_channel_after.npy
        /Volumes/FreddyHD/Work/Tether/repos/qvac-ext-lib-whisper.cpp/engines/parakeet/artifacts/nemotron-ref-en-us-160/step-000/cache_time_after.npy
        /Volumes/FreddyHD/Work/Tether/repos/qvac-ext-lib-whisper.cpp/engines/parakeet/artifacts/nemotron-ref-en-us-160/step-001/processed_signal.npy
        /Volumes/FreddyHD/Work/Tether/repos/qvac-ext-lib-whisper.cpp/engines/parakeet/artifacts/nemotron-ref-en-us-160/step-001/encoder_raw.npy
        /Volumes/FreddyHD/Work/Tether/repos/qvac-ext-lib-whisper.cpp/engines/parakeet/artifacts/nemotron-ref-en-us-160/step-001/cache_channel_after.npy
        /Volumes/FreddyHD/Work/Tether/repos/qvac-ext-lib-whisper.cpp/engines/parakeet/artifacts/nemotron-ref-en-us-160/step-001/cache_time_after.npy
        /Volumes/FreddyHD/Work/Tether/repos/qvac-ext-lib-whisper.cpp/engines/parakeet/artifacts/nemotron-ref-en-us-160/offline/mel.npy
        /Volumes/FreddyHD/Work/Tether/repos/qvac-ext-lib-whisper.cpp/engines/parakeet/artifacts/nemotron-ref-en-us-160/transcript.txt)
-- parakeet: test test-nemotron-stream-step disabled (missing fixture(s):
        /Volumes/FreddyHD/Work/Tether/models/parakeet/nemotron-3.5-asr-streaming-0.6b.f16.gguf
        /Volumes/FreddyHD/Work/Tether/repos/qvac-ext-lib-whisper.cpp/engines/parakeet/artifacts/nemotron-ref-en-us-320/step-000/processed_signal.npy
        /Volumes/FreddyHD/Work/Tether/repos/qvac-ext-lib-whisper.cpp/engines/parakeet/artifacts/nemotron-ref-en-us-320/step-000/encoder_raw.npy
        /Volumes/FreddyHD/Work/Tether/repos/qvac-ext-lib-whisper.cpp/engines/parakeet/artifacts/nemotron-ref-en-us-320/step-000/cache_channel_after.npy
        /Volumes/FreddyHD/Work/Tether/repos/qvac-ext-lib-whisper.cpp/engines/parakeet/artifacts/nemotron-ref-en-us-320/step-000/cache_time_after.npy
        /Volumes/FreddyHD/Work/Tether/repos/qvac-ext-lib-whisper.cpp/engines/parakeet/artifacts/nemotron-ref-en-us-320/step-001/processed_signal.npy
        /Volumes/FreddyHD/Work/Tether/repos/qvac-ext-lib-whisper.cpp/engines/parakeet/artifacts/nemotron-ref-en-us-320/step-001/encoder_raw.npy
        /Volumes/FreddyHD/Work/Tether/repos/qvac-ext-lib-whisper.cpp/engines/parakeet/artifacts/nemotron-ref-en-us-320/step-001/cache_channel_after.npy
        /Volumes/FreddyHD/Work/Tether/repos/qvac-ext-lib-whisper.cpp/engines/parakeet/artifacts/nemotron-ref-en-us-320/step-001/cache_time_after.npy
        /Volumes/FreddyHD/Work/Tether/repos/qvac-ext-lib-whisper.cpp/engines/parakeet/artifacts/nemotron-ref-en-us-320/offline/mel.npy
        /Volumes/FreddyHD/Work/Tether/repos/qvac-ext-lib-whisper.cpp/engines/parakeet/artifacts/nemotron-ref-en-us-320/transcript.txt)
-- parakeet: test test-nemotron-stream-step-560 disabled (missing fixture(s):
        /Volumes/FreddyHD/Work/Tether/models/parakeet/nemotron-3.5-asr-streaming-0.6b.f16.gguf
        /Volumes/FreddyHD/Work/Tether/repos/qvac-ext-lib-whisper.cpp/engines/parakeet/artifacts/nemotron-ref-en-us-560/step-000/processed_signal.npy
        /Volumes/FreddyHD/Work/Tether/repos/qvac-ext-lib-whisper.cpp/engines/parakeet/artifacts/nemotron-ref-en-us-560/step-000/encoder_raw.npy
        /Volumes/FreddyHD/Work/Tether/repos/qvac-ext-lib-whisper.cpp/engines/parakeet/artifacts/nemotron-ref-en-us-560/step-000/cache_channel_after.npy
        /Volumes/FreddyHD/Work/Tether/repos/qvac-ext-lib-whisper.cpp/engines/parakeet/artifacts/nemotron-ref-en-us-560/step-000/cache_time_after.npy
        /Volumes/FreddyHD/Work/Tether/repos/qvac-ext-lib-whisper.cpp/engines/parakeet/artifacts/nemotron-ref-en-us-560/step-001/processed_signal.npy
        /Volumes/FreddyHD/Work/Tether/repos/qvac-ext-lib-whisper.cpp/engines/parakeet/artifacts/nemotron-ref-en-us-560/step-001/encoder_raw.npy
        /Volumes/FreddyHD/Work/Tether/repos/qvac-ext-lib-whisper.cpp/engines/parakeet/artifacts/nemotron-ref-en-us-560/step-001/cache_channel_after.npy
        /Volumes/FreddyHD/Work/Tether/repos/qvac-ext-lib-whisper.cpp/engines/parakeet/artifacts/nemotron-ref-en-us-560/step-001/cache_time_after.npy
        /Volumes/FreddyHD/Work/Tether/repos/qvac-ext-lib-whisper.cpp/engines/parakeet/artifacts/nemotron-ref-en-us-560/offline/mel.npy
        /Volumes/FreddyHD/Work/Tether/repos/qvac-ext-lib-whisper.cpp/engines/parakeet/artifacts/nemotron-ref-en-us-560/transcript.txt)
-- parakeet: test test-nemotron-stream-step-1120 disabled (missing fixture(s):
        /Volumes/FreddyHD/Work/Tether/models/parakeet/nemotron-3.5-asr-streaming-0.6b.f16.gguf
        /Volumes/FreddyHD/Work/Tether/repos/qvac-ext-lib-whisper.cpp/engines/parakeet/artifacts/nemotron-ref-en-us-1120/step-000/processed_signal.npy
        /Volumes/FreddyHD/Work/Tether/repos/qvac-ext-lib-whisper.cpp/engines/parakeet/artifacts/nemotron-ref-en-us-1120/step-000/encoder_raw.npy
        /Volumes/FreddyHD/Work/Tether/repos/qvac-ext-lib-whisper.cpp/engines/parakeet/artifacts/nemotron-ref-en-us-1120/step-000/cache_channel_after.npy
        /Volumes/FreddyHD/Work/Tether/repos/qvac-ext-lib-whisper.cpp/engines/parakeet/artifacts/nemotron-ref-en-us-1120/step-000/cache_time_after.npy
        /Volumes/FreddyHD/Work/Tether/repos/qvac-ext-lib-whisper.cpp/engines/parakeet/artifacts/nemotron-ref-en-us-1120/step-001/processed_signal.npy
        /Volumes/FreddyHD/Work/Tether/repos/qvac-ext-lib-whisper.cpp/engines/parakeet/artifacts/nemotron-ref-en-us-1120/step-001/encoder_raw.npy
        /Volumes/FreddyHD/Work/Tether/repos/qvac-ext-lib-whisper.cpp/engines/parakeet/artifacts/nemotron-ref-en-us-1120/step-001/cache_channel_after.npy
        /Volumes/FreddyHD/Work/Tether/repos/qvac-ext-lib-whisper.cpp/engines/parakeet/artifacts/nemotron-ref-en-us-1120/step-001/cache_time_after.npy
        /Volumes/FreddyHD/Work/Tether/repos/qvac-ext-lib-whisper.cpp/engines/parakeet/artifacts/nemotron-ref-en-us-1120/offline/mel.npy
        /Volumes/FreddyHD/Work/Tether/repos/qvac-ext-lib-whisper.cpp/engines/parakeet/artifacts/nemotron-ref-en-us-1120/transcript.txt)
-- parakeet: test test-nemotron-stream-step-metal disabled (missing fixture(s):
        /Volumes/FreddyHD/Work/Tether/models/parakeet/nemotron-3.5-asr-streaming-0.6b.f16.gguf
        /Volumes/FreddyHD/Work/Tether/repos/qvac-ext-lib-whisper.cpp/engines/parakeet/artifacts/nemotron-ref-en-us-320/step-000/processed_signal.npy
        /Volumes/FreddyHD/Work/Tether/repos/qvac-ext-lib-whisper.cpp/engines/parakeet/artifacts/nemotron-ref-en-us-320/step-000/encoder_raw.npy
        /Volumes/FreddyHD/Work/Tether/repos/qvac-ext-lib-whisper.cpp/engines/parakeet/artifacts/nemotron-ref-en-us-320/step-000/cache_channel_after.npy
        /Volumes/FreddyHD/Work/Tether/repos/qvac-ext-lib-whisper.cpp/engines/parakeet/artifacts/nemotron-ref-en-us-320/step-000/cache_time_after.npy
        /Volumes/FreddyHD/Work/Tether/repos/qvac-ext-lib-whisper.cpp/engines/parakeet/artifacts/nemotron-ref-en-us-320/step-001/processed_signal.npy
        /Volumes/FreddyHD/Work/Tether/repos/qvac-ext-lib-whisper.cpp/engines/parakeet/artifacts/nemotron-ref-en-us-320/step-001/encoder_raw.npy
        /Volumes/FreddyHD/Work/Tether/repos/qvac-ext-lib-whisper.cpp/engines/parakeet/artifacts/nemotron-ref-en-us-320/step-001/cache_channel_after.npy
        /Volumes/FreddyHD/Work/Tether/repos/qvac-ext-lib-whisper.cpp/engines/parakeet/artifacts/nemotron-ref-en-us-320/step-001/cache_time_after.npy
        /Volumes/FreddyHD/Work/Tether/repos/qvac-ext-lib-whisper.cpp/engines/parakeet/artifacts/nemotron-ref-en-us-320/offline/mel.npy
        /Volumes/FreddyHD/Work/Tether/repos/qvac-ext-lib-whisper.cpp/engines/parakeet/artifacts/nemotron-ref-en-us-320/transcript.txt)
-- parakeet: test test-encoder-capture-parity disabled (missing fixture(s):
        /Volumes/FreddyHD/Work/Tether/models/parakeet/parakeet-ctc-0.6b.q8_0.gguf)
-- parakeet: test test-encoder-capture-parity-tdt disabled (missing fixture(s):
        /Volumes/FreddyHD/Work/Tether/models/parakeet/parakeet-tdt-0.6b-v3.q8_0.gguf)
-- parakeet: test test-encoder-capture-parity-eou disabled (missing fixture(s):
        /Volumes/FreddyHD/Work/Tether/models/parakeet/parakeet_realtime_eou_120m-v1.q8_0.gguf)
-- parakeet: test test-encoder-capture-parity-sortformer disabled (missing fixture(s):
        /Volumes/FreddyHD/Work/Tether/models/parakeet/diar_sortformer_4spk-v1.q8_0.gguf)
-- parakeet: test test-encoder-coreml-parity disabled (missing fixture(s):
        /Volumes/FreddyHD/Work/Tether/models/parakeet/parakeet-tdt-0.6b-v3.q8_0.gguf)
-- parakeet: test test-encoder-coreml-parity-eou disabled (missing fixture(s):
        /Volumes/FreddyHD/Work/Tether/models/parakeet/parakeet_realtime_eou_120m-v1.q8_0.gguf
        /Volumes/FreddyHD/Work/Tether/models/parakeet/parakeet_realtime_eou_120m-v1-encoder.mlmodelc)
-- parakeet: test test-encoder-coreml-bypass-parity disabled (missing fixture(s):
        /Volumes/FreddyHD/Work/Tether/models/parakeet/diar_streaming_sortformer_4spk-v2.1.f16.gguf
        /Volumes/FreddyHD/Work/Tether/models/parakeet/diar_streaming_sortformer_4spk-v2.1-encoder-bypass-pre-encode.mlmodelc)
-- parakeet: test test-transcribe-coreml-parity disabled (missing fixture(s):
        /Volumes/FreddyHD/Work/Tether/models/parakeet/parakeet-tdt-0.6b-v3.q8_0.gguf)
-- parakeet: test test-transcribe-coreml-parity-eou disabled (missing fixture(s):
        /Volumes/FreddyHD/Work/Tether/models/parakeet/parakeet_realtime_eou_120m-v1.q8_0.gguf
        /Volumes/FreddyHD/Work/Tether/models/parakeet/parakeet_realtime_eou_120m-v1-encoder.mlmodelc)
-- parakeet: test test-diarize-coreml-short-parity disabled (missing fixture(s):
        /Volumes/FreddyHD/Work/Tether/models/parakeet/diar_streaming_sortformer_4spk-v2.1.f16.gguf
        /Volumes/FreddyHD/Work/Tether/models/parakeet/diar_streaming_sortformer_4spk-v2.1-encoder.mlmodelc)
-- parakeet: test test-sched-encoder-determinism disabled (missing fixture(s):
        /Volumes/FreddyHD/Work/Tether/models/parakeet/parakeet-ctc-0.6b.q8_0.gguf)
-- parakeet: test test-sched-encoder-determinism-gpu disabled (missing fixture(s):
        /Volumes/FreddyHD/Work/Tether/models/parakeet/parakeet-ctc-0.6b.q8_0.gguf)
-- parakeet: test test-sched-diarize-lifecycle disabled (missing fixture(s):
        /Volumes/FreddyHD/Work/Tether/models/parakeet/diar_sortformer_4spk-v1.q8_0.gguf)
-- parakeet: test test-sched-diarize-lifecycle-gpu disabled (missing fixture(s):
        /Volumes/FreddyHD/Work/Tether/models/parakeet/diar_sortformer_4spk-v1.q8_0.gguf)
-- parakeet: test test-subsampling-tail disabled (missing fixture(s):
        /Volumes/FreddyHD/Work/Tether/models/parakeet/parakeet-tdt-0.6b-v3.q8_0.gguf)
-- parakeet: test test-subsampling-tail-gpu disabled (missing fixture(s):
        /Volumes/FreddyHD/Work/Tether/models/parakeet/parakeet-tdt-0.6b-v3.q8_0.gguf)
-- parakeet: test test-tdt-encoder-parity disabled (missing fixture(s):
        /Volumes/FreddyHD/Work/Tether/models/parakeet/parakeet-tdt-0.6b-v3.f16.gguf
        /Volumes/FreddyHD/Work/Tether/repos/qvac-ext-lib-whisper.cpp/engines/parakeet/artifacts/tdt-ref/encoder_out.npy)
-- parakeet: test test-tdt-decoder-parity disabled (missing fixture(s):
        /Volumes/FreddyHD/Work/Tether/models/parakeet/parakeet-tdt-0.6b-v3.q8_0.gguf)
-- parakeet: test test-rnnt-decoder-parity disabled (missing fixture(s):
        /Volumes/FreddyHD/Work/Tether/models/parakeet/stt_ka_fastconformer_hybrid_large_pc.q8_0.gguf
        /Volumes/FreddyHD/Work/Tether/repos/qvac-ext-lib-whisper.cpp/engines/parakeet/test/samples/rnnt-ka-16k.wav
        /Volumes/FreddyHD/Work/Tether/repos/qvac-ext-lib-whisper.cpp/engines/parakeet/artifacts/rnnt-ref/token_ids.npy)
-- parakeet: test test-pos-proj-cache-parity disabled (missing fixture(s):
        /Volumes/FreddyHD/Work/Tether/models/parakeet/parakeet-tdt-0.6b-v3.q8_0.gguf)
-- parakeet: test test-pos-proj-cache-parity-gpu disabled (missing fixture(s):
        /Volumes/FreddyHD/Work/Tether/models/parakeet/parakeet-tdt-0.6b-v3.q8_0.gguf)
-- parakeet: test test-attn-path-graph disabled (missing fixture(s):
        /Volumes/FreddyHD/Work/Tether/models/parakeet/parakeet-tdt-0.6b-v3.q8_0.gguf)
-- parakeet: test test-attn-path-graph-gpu disabled (missing fixture(s):
        /Volumes/FreddyHD/Work/Tether/models/parakeet/parakeet-tdt-0.6b-v3.q8_0.gguf)
-- parakeet: test test-tdt-lstm-parity-gpu disabled (missing fixture(s):
        /Volumes/FreddyHD/Work/Tether/models/parakeet/parakeet-tdt-0.6b-v3.q8_0.gguf)
-- parakeet: test test-tdt-unroll-parity-gpu disabled (missing fixture(s):
        /Volumes/FreddyHD/Work/Tether/models/parakeet/parakeet-tdt-0.6b-v3.q8_0.gguf)
-- parakeet: test test-tdt-unroll-parity disabled (missing fixture(s):
        /Volumes/FreddyHD/Work/Tether/models/parakeet/parakeet-tdt-0.6b-v3.q8_0.gguf)
-- parakeet: test test-tdt-decoder-parity-fr-gpu disabled (missing fixture(s):
        /Volumes/FreddyHD/Work/Tether/models/parakeet/parakeet-tdt-0.6b-v3.q8_0.gguf)
-- parakeet: test test-fit-params-ctc disabled (missing fixture(s):
        /Volumes/FreddyHD/Work/Tether/models/parakeet/parakeet-ctc-0.6b.q8_0.gguf)
-- parakeet: test test-fit-params-tdt disabled (missing fixture(s):
        /Volumes/FreddyHD/Work/Tether/models/parakeet/parakeet-tdt-0.6b-v3.q8_0.gguf)
-- parakeet: test test-fit-params-eou disabled (missing fixture(s):
        /Volumes/FreddyHD/Work/Tether/models/parakeet/parakeet_realtime_eou_120m-v1.q8_0.gguf)
-- parakeet: test test-fit-params-sortformer disabled (missing fixture(s):
        /Volumes/FreddyHD/Work/Tether/models/parakeet/diar_sortformer_4spk-v1.q8_0.gguf)
-- parakeet: test test-fit-params-nemotron disabled (missing fixture(s):
        /Volumes/FreddyHD/Work/Tether/models/parakeet/nemotron-3.5-asr-streaming-0.6b.f16.gguf)
-- parakeet: test test-eou-decoder-parity disabled (missing fixture(s):
        /Volumes/FreddyHD/Work/Tether/models/parakeet/parakeet_realtime_eou_120m-v1.q8_0.gguf)
-- parakeet: test test-eou-decoder-parity-multiutt-gpu disabled (missing fixture(s):
        /Volumes/FreddyHD/Work/Tether/models/parakeet/parakeet_realtime_eou_120m-v1.q8_0.gguf)
-- parakeet: test test-sortformer-parity disabled (missing fixture(s):
        /Volumes/FreddyHD/Work/Tether/models/parakeet/diar_sortformer_4spk-v1.f16.gguf
        /Volumes/FreddyHD/Work/Tether/repos/qvac-ext-lib-whisper.cpp/engines/parakeet/artifacts/sortformer-ref/encoder_out.npy)
-- parakeet: test test-decoder-determinism disabled (missing fixture(s):
        /Volumes/FreddyHD/Work/Tether/models/parakeet/parakeet-ctc-0.6b.q8_0.gguf)
-- parakeet: test test-decoder-determinism-tdt disabled (missing fixture(s):
        /Volumes/FreddyHD/Work/Tether/models/parakeet/parakeet-tdt-0.6b-v3.q8_0.gguf)
-- parakeet: test test-decoder-determinism-eou disabled (missing fixture(s):
        /Volumes/FreddyHD/Work/Tether/models/parakeet/parakeet_realtime_eou_120m-v1.q8_0.gguf)
-- parakeet: test test-decoder-determinism-sortformer disabled (missing fixture(s):
        /Volumes/FreddyHD/Work/Tether/models/parakeet/diar_sortformer_4spk-v1.q8_0.gguf)
-- parakeet: test test-decoder-determinism-indic disabled (missing fixture(s):
        /Volumes/FreddyHD/Work/Tether/models/parakeet/indic-conformer-600m-multilingual.q8_0.gguf)
-- parakeet: test test-decoder-determinism-indic-q4 disabled (missing fixture(s):
        /Volumes/FreddyHD/Work/Tether/models/parakeet/indic-conformer-600m-multilingual.q4_0.gguf)
-- parakeet: test test-decoder-determinism-indic-f16 disabled (missing fixture(s):
        /Volumes/FreddyHD/Work/Tether/models/parakeet/indic-conformer-600m-multilingual.f16.gguf)
-- parakeet: test test-long-form disabled (missing fixture(s):
        /Volumes/FreddyHD/Work/Tether/models/parakeet/parakeet-ctc-0.6b.q8_0.gguf)
-- parakeet: test test-long-form-tdt disabled (missing fixture(s):
        /Volumes/FreddyHD/Work/Tether/models/parakeet/parakeet-tdt-0.6b-v3.q8_0.gguf)
-- parakeet: test test-gpu-vs-cpu disabled (missing fixture(s):
        /Volumes/FreddyHD/Work/Tether/models/parakeet/parakeet-ctc-0.6b.q8_0.gguf)
-- parakeet: test test-gpu-vs-cpu-indic disabled (missing fixture(s):
        /Volumes/FreddyHD/Work/Tether/models/parakeet/indic-conformer-600m-multilingual.q8_0.gguf)
-- parakeet: test test-gpu-vs-cpu-indic-f16 disabled (missing fixture(s):
        /Volumes/FreddyHD/Work/Tether/models/parakeet/indic-conformer-600m-multilingual.f16.gguf)
-- parakeet: test test-decoder-determinism-indic-gpu disabled (missing fixture(s):
        /Volumes/FreddyHD/Work/Tether/models/parakeet/indic-conformer-600m-multilingual.q8_0.gguf)
-- parakeet: test test-decoder-determinism-indic-f16-gpu disabled (missing fixture(s):
        /Volumes/FreddyHD/Work/Tether/models/parakeet/indic-conformer-600m-multilingual.f16.gguf)
-- parakeet: test test-decoder-determinism-indic-q4-gpu disabled (missing fixture(s):
        /Volumes/FreddyHD/Work/Tether/models/parakeet/indic-conformer-600m-multilingual.q4_0.gguf)
CMake Warning (author) at CMakeLists.txt:1856 (install):
  Target ggml has PUBLIC_HEADER files but no PUBLIC_HEADER DESTINATION.
This warning is for project developers.  Use -Wno-author to suppress it.

-- Configuring done (1.2s)
-- Generating done (0.5s)
-- Build files have been written to: /Volumes/FreddyHD/Work/Tether/repos/qvac-ext-lib-whisper.cpp/engines/parakeet/build-metal
